
> managment@0.0.0 build
> tsc -b && vite build

src/pages/auth/Login.tsx(44,115): error TS2339: Property 'workflowStepKey' does not exist on type '{ id: number; fullName: string; email: string; roleId: number; roleName: string; permissions: Permission[]; }'.
src/pages/dashboard/InvitationManagement.tsx(176,93): error TS2339: Property 'country' does not exist on type '{ id: number; fullName: string; email: string; }'.
src/pages/dashboard/LandingPageSettings.tsx(167,51): error TS17001: JSX elements cannot have multiple attributes with the same name.
src/pages/dashboard/OrganizationManagement.tsx(321,25): error TS2353: Object literal may only specify known properties, and 'users' does not exist in type '{ id: string; name: string; }'.
src/pages/dashboard/PermissionManagement.tsx(276,17): error TS2561: Object literal may only specify known properties, but 'categoryId' does not exist in type 'Partial<Permission>'. Did you mean to write 'category'?
src/pages/dashboard/PermissionManagement.tsx(333,185): error TS2322: Type '{ placeholder: string; value: string; onChange: (e: ChangeEvent<HTMLInputElement>) => void; required: true; fontFamily: string; }' is not assignable to type 'IntrinsicAttributes & InputProps & RefAttributes<HTMLInputElement>'.
  Property 'fontFamily' does not exist on type 'IntrinsicAttributes & InputProps & RefAttributes<HTMLInputElement>'.
src/pages/dashboard/SuperAdminDashboard.tsx(656,25): error TS2322: Type '(value: number) => [string, "Avg Process Time"]' is not assignable to type 'Formatter<number, "Avg Process Time">'.
  Types of parameters 'value' and 'value' are incompatible.
    Type 'number | undefined' is not assignable to type 'number'.
      Type 'undefined' is not assignable to type 'number'.
src/pages/dashboard/SuperAdminDashboard.tsx(766,37): error TS2345: Argument of type '(org: { name: string; applicationsCount: number; }, i: number) => JSX.Element' is not assignable to parameter of type '(value: SuperAdminStakeholder, index: number, array: SuperAdminStakeholder[]) => Element'.
  Types of parameters 'org' and 'value' are incompatible.
    Property 'applicationsCount' is missing in type 'SuperAdminStakeholder' but required in type '{ name: string; applicationsCount: number; }'.
src/pages/dashboard/WorkflowBuilder.tsx(102,25): error TS2322: Type 'unknown' is not assignable to type 'ReactNode'.
src/pages/dashboard/WorkflowBuilder.tsx(128,17): error TS2322: Type 'unknown' is not assignable to type 'ReactNode'.
